<!DOCTYPE html >
<html>
        <head>
          <meta http-equiv="X-UA-Compatible" content="IE=edge" />
          <meta name="viewport" content="width=device-width, initial-scale=1.0, maximum-scale=1.0, user-scalable=no" />
          <title></title>
          <meta name="description" content="" />
          <meta name="keywords" content="" />
          <meta http-equiv="content-type" content="text/html; charset=UTF-8" />
          
      
      <link href="../../../lib/index.css" media="screen" type="text/css" rel="stylesheet" />
      <link href="../../../lib/template.css" media="screen" type="text/css" rel="stylesheet" />
      <link href="../../../lib/diagrams.css" media="screen" type="text/css" rel="stylesheet" id="diagrams-css" />
      <script type="text/javascript" src="../../../lib/jquery.min.js"></script>
      <script type="text/javascript" src="../../../lib/jquery.panzoom.min.js"></script>
      <script type="text/javascript" src="../../../lib/jquery.mousewheel.min.js"></script>
      <script type="text/javascript" src="../../../lib/index.js"></script>
      <script type="text/javascript" src="../../../index.js"></script>
      <script type="text/javascript" src="../../../lib/scheduler.js"></script>
      <script type="text/javascript" src="../../../lib/template.js"></script>
      
      <script type="text/javascript">
        /* this variable can be used by the JS to determine the path to the root document */
        var toRoot = '../../../';
      </script>
    
        </head>
        <body>
      <div id="search">
        <span id="doc-title"><span id="doc-version"></span></span>
        <span class="close-results"><span class="left">&lt;</span> Back</span>
        <div id="textfilter">
          <span class="input">
            <input autocapitalize="none" placeholder="Search" id="index-input" type="text" accesskey="/" />
            <i class="clear material-icons"></i>
            <i id="search-icon" class="material-icons"></i>
          </span>
        </div>
    </div>
      <div id="search-results">
        <div id="search-progress">
          <div id="progress-fill"></div>
        </div>
        <div id="results-content">
          <div id="entity-results"></div>
          <div id="member-results"></div>
        </div>
      </div>
      <div id="content-scroll-container" style="-webkit-overflow-scrolling: touch;">
        <div id="content-container" style="-webkit-overflow-scrolling: touch;">
          <div id="subpackage-spacer">
            <div id="packages">
              <h1>Packages</h1>
              <ul>
                <li name="_root_.root" visbl="pub" class="indented0 " data-isabs="false" fullComment="yes" group="Ungrouped">
      <a id="_root_"></a><a id="root:_root_"></a>
      <span class="permalink">
      <a href="../../../index.html" title="Permalink">
        <i class="material-icons"></i>
      </a>
    </span>
      <span class="modifier_kind">
        <span class="modifier"></span>
        <span class="kind">package</span>
      </span>
      <span class="symbol">
        <a title="" href="../../../index.html"><span class="name">root</span></a>
      </span>
      
      <div class="fullcomment"><dl class="attributes block"> <dt>Definition Classes</dt><dd><a href="../../../index.html" class="extype" name="_root_">root</a></dd></dl></div>
    </li><li name="_root_.tensil" visbl="pub" class="indented1 " data-isabs="false" fullComment="yes" group="Ungrouped">
      <a id="tensil"></a><a id="tensil:tensil"></a>
      <span class="permalink">
      <a href="../../../tensil/index.html" title="Permalink">
        <i class="material-icons"></i>
      </a>
    </span>
      <span class="modifier_kind">
        <span class="modifier"></span>
        <span class="kind">package</span>
      </span>
      <span class="symbol">
        <a title="" href="../../index.html"><span class="name">tensil</span></a>
      </span>
      
      <div class="fullcomment"><dl class="attributes block"> <dt>Definition Classes</dt><dd><a href="../../../index.html" class="extype" name="_root_">root</a></dd></dl></div>
    </li><li name="tensil.tools" visbl="pub" class="indented2 " data-isabs="false" fullComment="yes" group="Ungrouped">
      <a id="tools"></a><a id="tools:tools"></a>
      <span class="permalink">
      <a href="../../../tensil/tools/index.html" title="Permalink">
        <i class="material-icons"></i>
      </a>
    </span>
      <span class="modifier_kind">
        <span class="modifier"></span>
        <span class="kind">package</span>
      </span>
      <span class="symbol">
        <a title="" href="../index.html"><span class="name">tools</span></a>
      </span>
      
      <div class="fullcomment"><dl class="attributes block"> <dt>Definition Classes</dt><dd><a href="../../index.html" class="extype" name="tensil">tensil</a></dd></dl></div>
    </li><li name="tensil.tools.compiler" visbl="pub" class="indented3 " data-isabs="false" fullComment="yes" group="Ungrouped">
      <a id="compiler"></a><a id="compiler:compiler"></a>
      <span class="permalink">
      <a href="../../../tensil/tools/compiler/index.html" title="Permalink">
        <i class="material-icons"></i>
      </a>
    </span>
      <span class="modifier_kind">
        <span class="modifier"></span>
        <span class="kind">package</span>
      </span>
      <span class="symbol">
        <a title="" href="../compiler/index.html"><span class="name">compiler</span></a>
      </span>
      
      <div class="fullcomment"><dl class="attributes block"> <dt>Definition Classes</dt><dd><a href="../index.html" class="extype" name="tensil.tools">tools</a></dd></dl></div>
    </li><li name="tensil.tools.data" visbl="pub" class="indented3 " data-isabs="false" fullComment="yes" group="Ungrouped">
      <a id="data"></a><a id="data:data"></a>
      <span class="permalink">
      <a href="../../../tensil/tools/data/index.html" title="Permalink">
        <i class="material-icons"></i>
      </a>
    </span>
      <span class="modifier_kind">
        <span class="modifier"></span>
        <span class="kind">package</span>
      </span>
      <span class="symbol">
        <a title="" href="../data/index.html"><span class="name">data</span></a>
      </span>
      
      <div class="fullcomment"><dl class="attributes block"> <dt>Definition Classes</dt><dd><a href="../index.html" class="extype" name="tensil.tools">tools</a></dd></dl></div>
    </li><li name="tensil.tools.golden" visbl="pub" class="indented3 current" data-isabs="false" fullComment="yes" group="Ungrouped">
      <a id="golden"></a><a id="golden:golden"></a>
      <span class="permalink">
      <a href="../../../tensil/tools/golden/index.html" title="Permalink">
        <i class="material-icons"></i>
      </a>
    </span>
      <span class="modifier_kind">
        <span class="modifier"></span>
        <span class="kind">package</span>
      </span>
      <span class="symbol">
        <span class="name">golden</span>
      </span>
      
      <div class="fullcomment"><dl class="attributes block"> <dt>Definition Classes</dt><dd><a href="../index.html" class="extype" name="tensil.tools">tools</a></dd></dl></div>
    </li><li class="current-entities indented3">
                        <span class="separator"></span>
                        <a class="class" href="Decoder.html" title=""></a>
                        <a href="Decoder.html" title="">Decoder</a>
                      </li><li class="current-entities indented3">
                        <span class="separator"></span>
                        <a class="class" href="Executive.html" title=""></a>
                        <a href="Executive.html" title="">Executive</a>
                      </li><li class="current-entities indented3">
                        <span class="separator"></span>
                        <a class="class" href="ExecutiveTrace.html" title=""></a>
                        <a href="ExecutiveTrace.html" title="">ExecutiveTrace</a>
                      </li><li class="current-entities indented3">
                        <a class="object" href="ExecutiveTraceContext$.html" title=""></a>
                        <a class="class" href="ExecutiveTraceContext.html" title=""></a>
                        <a href="ExecutiveTraceContext.html" title="">ExecutiveTraceContext</a>
                      </li><li class="current-entities indented3">
                        <span class="separator"></span>
                        <a class="class" href="Processor.html" title=""></a>
                        <a href="Processor.html" title="">Processor</a>
                      </li><li class="current-entities indented3">
                        <span class="separator"></span>
                        <a class="object" href="ShowDiffOption$.html" title=""></a>
                        <a href="ShowDiffOption$.html" title="">ShowDiffOption</a>
                      </li><li name="tensil.tools.model" visbl="pub" class="indented3 " data-isabs="false" fullComment="yes" group="Ungrouped">
      <a id="model"></a><a id="model:model"></a>
      <span class="permalink">
      <a href="../../../tensil/tools/model/index.html" title="Permalink">
        <i class="material-icons"></i>
      </a>
    </span>
      <span class="modifier_kind">
        <span class="modifier"></span>
        <span class="kind">package</span>
      </span>
      <span class="symbol">
        <a title="" href="../model/index.html"><span class="name">model</span></a>
      </span>
      
      <div class="fullcomment"><dl class="attributes block"> <dt>Definition Classes</dt><dd><a href="../index.html" class="extype" name="tensil.tools">tools</a></dd></dl></div>
    </li><li name="tensil.tools.web" visbl="pub" class="indented3 " data-isabs="false" fullComment="yes" group="Ungrouped">
      <a id="web"></a><a id="web:web"></a>
      <span class="permalink">
      <a href="../../../tensil/tools/web/index.html" title="Permalink">
        <i class="material-icons"></i>
      </a>
    </span>
      <span class="modifier_kind">
        <span class="modifier"></span>
        <span class="kind">package</span>
      </span>
      <span class="symbol">
        <a title="" href="../web/index.html"><span class="name">web</span></a>
      </span>
      
      <div class="fullcomment"><dl class="attributes block"> <dt>Definition Classes</dt><dd><a href="../index.html" class="extype" name="tensil.tools">tools</a></dd></dl></div>
    </li>
              </ul>
            </div>
          </div>
          <div id="content">
            <body class="package value">
      <div id="definition">
        <div class="big-circle package">p</div>
        <p id="owner"><a href="../../index.html" class="extype" name="tensil">tensil</a>.<a href="../index.html" class="extype" name="tensil.tools">tools</a></p>
        <h1>golden<span class="permalink">
      <a href="../../../tensil/tools/golden/index.html" title="Permalink">
        <i class="material-icons"></i>
      </a>
    </span></h1>
        
      </div>

      <h4 id="signature" class="signature">
      <span class="modifier_kind">
        <span class="modifier"></span>
        <span class="kind">package</span>
      </span>
      <span class="symbol">
        <span class="name">golden</span>
      </span>
      </h4>

      
          <div id="comment" class="fullcommenttop"></div>
        

      <div id="mbrsel">
        <div class="toggle"></div>
        <div id="memberfilter">
          <i class="material-icons arrow"></i>
          <span class="input">
            <input id="mbrsel-input" placeholder="Filter all members" type="text" accesskey="/" />
          </span>
          <i class="clear material-icons"></i>
        </div>
        <div id="filterby">
          <div id="order">
            <span class="filtertype">Ordering</span>
            <ol>
              
              <li class="alpha in"><span>Alphabetic</span></li>
              
            </ol>
          </div>
          
          <div id="visbl">
              <span class="filtertype">Visibility</span>
              <ol><li class="public in"><span>Public</span></li><li class="all out"><span>All</span></li></ol>
            </div>
        </div>
      </div>

      <div id="template">
        <div id="allMembers">
        

        <div id="types" class="types members">
              <h3>Type Members</h3>
              <ol><li name="tensil.tools.golden.Decoder" visbl="pub" class="indented0 " data-isabs="false" fullComment="no" group="Ungrouped">
      <a id="DecoderextendsAnyRef"></a><a id="Decoder:Decoder"></a>
      <span class="permalink">
      <a href="../../../tensil/tools/golden/Decoder.html" title="Permalink">
        <i class="material-icons"></i>
      </a>
    </span>
      <span class="modifier_kind">
        <span class="modifier"></span>
        <span class="kind">class</span>
      </span>
      <span class="symbol">
        <a title="" href="Decoder.html"><span class="name">Decoder</span></a><span class="result"> extends <span class="extype" name="scala.AnyRef">AnyRef</span></span>
      </span>
      
      
    </li><li name="tensil.tools.golden.Executive" visbl="pub" class="indented0 " data-isabs="true" fullComment="no" group="Ungrouped">
      <a id="ExecutiveextendsAnyRef"></a><a id="Executive:Executive"></a>
      <span class="permalink">
      <a href="../../../tensil/tools/golden/Executive.html" title="Permalink">
        <i class="material-icons"></i>
      </a>
    </span>
      <span class="modifier_kind">
        <span class="modifier">abstract </span>
        <span class="kind">class</span>
      </span>
      <span class="symbol">
        <a title="" href="Executive.html"><span class="name">Executive</span></a><span class="result"> extends <span class="extype" name="scala.AnyRef">AnyRef</span></span>
      </span>
      
      
    </li><li name="tensil.tools.golden.ExecutiveTrace" visbl="pub" class="indented0 " data-isabs="false" fullComment="no" group="Ungrouped">
      <a id="ExecutiveTraceextendsAnyRef"></a><a id="ExecutiveTrace:ExecutiveTrace"></a>
      <span class="permalink">
      <a href="../../../tensil/tools/golden/ExecutiveTrace.html" title="Permalink">
        <i class="material-icons"></i>
      </a>
    </span>
      <span class="modifier_kind">
        <span class="modifier"></span>
        <span class="kind">class</span>
      </span>
      <span class="symbol">
        <a title="" href="ExecutiveTrace.html"><span class="name">ExecutiveTrace</span></a><span class="result"> extends <span class="extype" name="scala.AnyRef">AnyRef</span></span>
      </span>
      
      
    </li><li name="tensil.tools.golden.ExecutiveTraceContext" visbl="pub" class="indented0 " data-isabs="false" fullComment="no" group="Ungrouped">
      <a id="ExecutiveTraceContextextendsTraceContext"></a><a id="ExecutiveTraceContext:ExecutiveTraceContext"></a>
      <span class="permalink">
      <a href="../../../tensil/tools/golden/ExecutiveTraceContext.html" title="Permalink">
        <i class="material-icons"></i>
      </a>
    </span>
      <span class="modifier_kind">
        <span class="modifier"></span>
        <span class="kind">class</span>
      </span>
      <span class="symbol">
        <a title="" href="ExecutiveTraceContext.html"><span class="name">ExecutiveTraceContext</span></a><span class="result"> extends <a href="../TraceContext.html" class="extype" name="tensil.tools.TraceContext">TraceContext</a></span>
      </span>
      
      
    </li><li name="tensil.tools.golden.Processor" visbl="pub" class="indented0 " data-isabs="false" fullComment="no" group="Ungrouped">
      <a id="Processor[T]extendsAnyRef"></a><a id="Processor[T]:Processor[T]"></a>
      <span class="permalink">
      <a href="../../../tensil/tools/golden/Processor.html" title="Permalink">
        <i class="material-icons"></i>
      </a>
    </span>
      <span class="modifier_kind">
        <span class="modifier"></span>
        <span class="kind">class</span>
      </span>
      <span class="symbol">
        <a title="" href="Processor.html"><span class="name">Processor</span></a><span class="tparams">[<span name="T">T</span>]</span><span class="result"> extends <span class="extype" name="scala.AnyRef">AnyRef</span></span>
      </span>
      
      
    </li></ol>
            </div>

        

        <div class="values members">
              <h3>Value Members</h3>
              <ol>
                <li name="tensil.tools.golden.ExecutiveTraceContext" visbl="pub" class="indented0 " data-isabs="false" fullComment="no" group="Ungrouped">
      <a id="ExecutiveTraceContext"></a><a id="ExecutiveTraceContext:ExecutiveTraceContext"></a>
      <span class="permalink">
      <a href="../../../tensil/tools/golden/ExecutiveTraceContext$.html" title="Permalink">
        <i class="material-icons"></i>
      </a>
    </span>
      <span class="modifier_kind">
        <span class="modifier"></span>
        <span class="kind">object</span>
      </span>
      <span class="symbol">
        <a title="" href="ExecutiveTraceContext$.html"><span class="name">ExecutiveTraceContext</span></a>
      </span>
      
      
    </li><li name="tensil.tools.golden.ShowDiffOption" visbl="pub" class="indented0 " data-isabs="false" fullComment="no" group="Ungrouped">
      <a id="ShowDiffOption"></a><a id="ShowDiffOption:ShowDiffOption"></a>
      <span class="permalink">
      <a href="../../../tensil/tools/golden/ShowDiffOption$.html" title="Permalink">
        <i class="material-icons"></i>
      </a>
    </span>
      <span class="modifier_kind">
        <span class="modifier"></span>
        <span class="kind">object</span>
      </span>
      <span class="symbol">
        <a title="" href="ShowDiffOption$.html"><span class="name">ShowDiffOption</span></a>
      </span>
      
      
    </li>
              </ol>
            </div>

        

        
        </div>

        <div id="inheritedMembers">
        
        
        </div>

        <div id="groupedMembers">
        <div class="group" name="Ungrouped">
              <h3>Ungrouped</h3>
              
            </div>
        </div>

      </div>

      <div id="tooltip"></div>

      <div id="footer">  </div>
    </body>
          </div>
        </div>
      </div>
    </body>
      </html>
